# Test the parser on a graph that contains no edge

loaded graph chars
the children of Mario in chars are: