# Test empty graph can output correct path

loaded graph chars

unknown: n1
unknown: n2