# Test empty graph can output correct path

created graph chars

unknown: n1
unknown: n2