# Test the parser on an empty graph

loaded graph chars