# Test that the path is the shortest based on label name

created graph A

added node n1 to A
added node n2 to A
added edge Edge1 from n1 to n2 in A
added edge Edge2 from n1 to n2 in A

path from n1 to n2:
n1 to n2 via Edge1