# Tests that the path between two edges in the graph can be found

created graph A

added node n1 to A
added node n2 to A
added node n3 to A
added edge 1to2 from n1 to n2 in A
added edge 2to3 from n2 to n3 in A

path from n1 to n3:
n1 to n2 via 1to2
n2 to n3 via 2to3

path from n3 to n1:
no path found