# emptyGraph test
# Tests that an empty graph can be created without any nodes and edges

# Create an empty graph
created graph graph1

# Print the nodes in the graph and the outgoing edges from n1
graph1 contains: