# twoGraphs test
# Test that two graphs can be created at the same time

# Create graphs
created graph graph1
created graph graph2
