# Two nodes test
# Tests that a graph with two nodes can be generated

created graph A
added node n1 to A
added node n2 to A
