# Test rounded (total cost is not rounded)

created graph A

added node n1 to A
added node n2 to A
added node n3 to A

added edge 1.000 from n1 to n2 in A
added edge 1.000 from n2 to n3 in A

path from n1 to n3:
n1 to n2 with weight 1.000
n2 to n3 with weight 1.000
total cost: 2.001