# Test that the founded path is the shortest one

created graph A

added node n1 to A
added node n2 to A
added node n3 to A

added edge 1.000 from n1 to n2 in A
added edge 1.000 from n2 to n3 in A
added edge 1.500 from n1 to n3 in A

path from n1 to n3:
n1 to n3 with weight 1.500
total cost: 1.500