# Find a path in an empty graph

created graph A

unknown: n1
unknown: n2