# Test the path finding from a node to itself

created graph A

added node n1 to A

path from n1 to n1:
total cost: 0.000